[elman/parity/s2] params=76416
  step 0 loss 1.9919
  step 500 loss 0.0002
  step 1000 loss 0.0001
  step 1500 loss 0.0000
  step 2000 loss 0.0000
{
  "model": "elman",
  "task": "parity",
  "seed": 2,
  "params": 76416,
  "steps": 2500,
  "batch": 64,
  "train_ops": 32,
  "supervision": "dense_running_parity",
  "acc": {
    "16": 100.0,
    "32": 100.0,
    "64": 100.0,
    "128": 100.0
  },
  "eval_ms_per_program": {
    "16": 0.11631728125394147,
    "32": 0.23561065671628967,
    "64": 0.4701738891412788,
    "128": 0.7716662802863539
  },
  "train_ms_per_step": 48.17893560125958,
  "final_loss": 2.8650555286731105e-05,
  "train_seconds": 112.42402500001481
}
