[elman/parity/s1] params=76416
  step 0 loss 2.0633
  step 500 loss 0.0002
  step 1000 loss 0.0001
  step 1500 loss 0.0000
  step 2000 loss 0.0000
{
  "model": "elman",
  "task": "parity",
  "seed": 1,
  "params": 76416,
  "steps": 2500,
  "batch": 64,
  "train_ops": 32,
  "supervision": "dense_running_parity",
  "acc": {
    "16": 100.0,
    "32": 100.0,
    "64": 100.0,
    "128": 100.0
  },
  "eval_ms_per_program": {
    "16": 0.12247912596308197,
    "32": 0.24140277099604646,
    "64": 0.3957452597660449,
    "128": 0.769051493165307
  },
  "train_ms_per_step": 48.84770058526192,
  "final_loss": 2.5480361728114076e-05,
  "train_seconds": 113.43399591598427
}
