[elman/five/s1] params=78720
  step 0 loss 2.5082
  step 500 loss 0.0027
  step 1000 loss 0.0007
  step 1500 loss 0.0005
  step 2000 loss 0.0030
{
  "model": "elman",
  "task": "five",
  "seed": 1,
  "params": 78720,
  "steps": 2500,
  "batch": 64,
  "train_ops": 32,
  "supervision": "sparse_final_state",
  "acc": {
    "16": 98.974609375,
    "32": 99.90234375,
    "64": 100.0,
    "128": 100.0
  },
  "eval_ms_per_program": {
    "16": 0.10466274022746802,
    "32": 0.19473144530479658,
    "64": 0.3822700605553564,
    "128": 0.7570902099587329
  },
  "train_ms_per_step": 37.12845817976631,
  "final_loss": 0.00027749270608182995,
  "train_seconds": 109.28654770797584
}
