[elman/five/s0] params=78720
  step 0 loss 2.6991
  step 500 loss 0.0230
  step 1000 loss 0.0015
  step 1500 loss 0.0008
  step 2000 loss 0.0006
{
  "model": "elman",
  "task": "five",
  "seed": 0,
  "params": 78720,
  "steps": 2500,
  "batch": 64,
  "train_ops": 32,
  "supervision": "sparse_final_state",
  "acc": {
    "16": 79.541015625,
    "32": 95.947265625,
    "64": 99.8046875,
    "128": 100.0
  },
  "eval_ms_per_program": {
    "16": 0.09651330566384786,
    "32": 0.1797677001889042,
    "64": 0.34644805907646514,
    "128": 0.8064879760638632
  },
  "train_ms_per_step": 34.22935513802804,
  "final_loss": 0.000490948430960998,
  "train_seconds": 106.8445299580344
}
