[elman/parity/s0] params=76416
  step 0 loss 1.2771
  step 500 loss 0.0002
  step 1000 loss 0.0001
  step 1500 loss 0.0000
  step 2000 loss 0.0000
{
  "model": "elman",
  "task": "parity",
  "seed": 0,
  "params": 76416,
  "steps": 2500,
  "batch": 64,
  "train_ops": 32,
  "supervision": "dense_running_parity",
  "acc": {
    "16": 100.0,
    "32": 100.0,
    "64": 100.0,
    "128": 100.0
  },
  "eval_ms_per_program": {
    "16": 0.1283989668081631,
    "32": 0.2407085161166833,
    "64": 0.40996842432150515,
    "128": 0.8789026284148349
  },
  "train_ms_per_step": 45.93695874500554,
  "final_loss": 2.6297005788364914e-05,
  "train_seconds": 109.52797270804876
}
