[gru/five/s2] params=78624
  step 0 loss 2.7212
  step 500 loss 0.0124
  step 1000 loss 0.0306
  step 1500 loss 0.0104
  step 2000 loss 0.0081
{
  "model": "gru",
  "task": "five",
  "seed": 2,
  "params": 78624,
  "steps": 2500,
  "batch": 64,
  "train_ops": 32,
  "supervision": "sparse_final_state",
  "acc": {
    "16": 95.41015625,
    "32": 99.951171875,
    "64": 100.0,
    "128": 100.0
  },
  "eval_ms_per_program": {
    "16": 0.08940472409335598,
    "32": 0.1745034384725841,
    "64": 0.35826835107855004,
    "128": 0.8219795937520757
  },
  "train_ms_per_step": 37.812445713207126,
  "final_loss": 0.012899873596616089,
  "train_seconds": 114.91040816600434
}
