[gru/parity/s1] params=77280
  step 0 loss 1.8980
  step 500 loss 0.0001
  step 1000 loss 0.0000
  step 1500 loss 0.0000
  step 2000 loss 0.0000
{
  "model": "gru",
  "task": "parity",
  "seed": 1,
  "params": 77280,
  "steps": 2500,
  "batch": 64,
  "train_ops": 32,
  "supervision": "dense_running_parity",
  "acc": {
    "16": 100.0,
    "32": 100.0,
    "64": 100.0,
    "128": 100.0
  },
  "eval_ms_per_program": {
    "16": 0.10650390626665285,
    "32": 0.21958060742122143,
    "64": 0.55985577392903,
    "128": 1.1450639648273864
  },
  "train_ms_per_step": 59.88464110100176,
  "final_loss": 1.2772315794791212e-05,
  "train_seconds": 149.81933945801575
}
