[lstm/parity/s2] params=75648
  step 0 loss 1.9602
  step 500 loss 0.0001
  step 1000 loss 0.0000
  step 1500 loss 0.0000
  step 2000 loss 0.0000
{
  "model": "lstm",
  "task": "parity",
  "seed": 2,
  "params": 75648,
  "steps": 2500,
  "batch": 64,
  "train_ops": 32,
  "supervision": "dense_running_parity",
  "acc": {
    "16": 72.8515625,
    "32": 73.92578125,
    "64": 72.705078125,
    "128": 73.4375
  },
  "eval_ms_per_program": {
    "16": 0.14947711181889645,
    "32": 0.27546260596977845,
    "64": 0.6167455239278752,
    "128": 1.3074663085888005
  },
  "train_ms_per_step": 58.50138089561369,
  "final_loss": 1.643841618715669e-05,
  "train_seconds": 140.62653345800936
}
