[rlt/parity/s1] params=75000
  step 0 loss 1.8762
  step 500 loss 0.0002
  step 1000 loss 0.0001
  step 1500 loss 0.0001
  step 2000 loss 0.0000
{
  "model": "rlt",
  "task": "parity",
  "seed": 1,
  "params": 75000,
  "steps": 2500,
  "batch": 64,
  "train_ops": 32,
  "supervision": "dense_running_parity",
  "acc": {
    "16": 48.974609375,
    "32": 50.927734375,
    "64": 48.14453125,
    "128": 49.560546875
  },
  "eval_ms_per_program": {
    "16": 0.4796251420771114,
    "32": 1.1394076333033354,
    "64": 3.839089457528644,
    "128": 11.776291422336271
  },
  "train_ms_per_step": 358.84493291855324,
  "final_loss": 3.412192349060206e-05,
  "train_seconds": 933.7946959169931
}
