[token_merge/parity/s2] params=82880
  step 0 loss 1.8694
  step 500 loss 0.0002
  step 1000 loss 0.0001
  step 1500 loss 0.0000
  step 2000 loss 0.0000
{
  "model": "token_merge",
  "task": "parity",
  "seed": 2,
  "params": 82880,
  "steps": 2500,
  "batch": 64,
  "train_ops": 32,
  "supervision": "dense_running_parity",
  "acc": {
    "16": 84.033203125,
    "32": 84.1796875,
    "64": 83.740234375,
    "128": 83.740234375
  },
  "eval_ms_per_program": {
    "16": 0.4055392861346263,
    "32": 1.059848348148762,
    "64": 1.8867100424984073,
    "128": 3.4581297202009864
  },
  "train_ms_per_step": 222.3313874930609,
  "final_loss": 2.515650528948754e-05,
  "train_seconds": 576.6002540420159
}
