[token_merge/parity/s0] params=82880
  step 0 loss 1.7532
  step 500 loss 0.0002
  step 1000 loss 0.0001
  step 1500 loss 0.0000
  step 2000 loss 0.0000
{
  "model": "token_merge",
  "task": "parity",
  "seed": 0,
  "params": 82880,
  "steps": 2500,
  "batch": 64,
  "train_ops": 32,
  "supervision": "dense_running_parity",
  "acc": {
    "16": 97.55859375,
    "32": 97.65625,
    "64": 97.4609375,
    "128": 97.607421875
  },
  "eval_ms_per_program": {
    "16": 0.42920715333139015,
    "32": 0.9604297895577929,
    "64": 2.152322550301733,
    "128": 3.641217610862668
  },
  "train_ms_per_step": 223.04381454957183,
  "final_loss": 1.9088531844317912e-05,
  "train_seconds": 577.4255640840274
}
