[transformer/parity/s2] params=76608
  step 0 loss 1.8585
  step 500 loss 0.4319
  step 1000 loss 0.3643
  step 1500 loss 0.0886
  step 2000 loss 0.0297
{
  "model": "transformer",
  "task": "parity",
  "seed": 2,
  "params": 76608,
  "steps": 2500,
  "batch": 64,
  "train_ops": 32,
  "supervision": "dense_running_parity",
  "acc": {
    "16": 45.3125,
    "32": 47.412109375,
    "64": 50.68359375,
    "128": 50.732421875
  },
  "eval_ms_per_program": {
    "16": 0.221967916019139,
    "32": 0.41640726757918856,
    "64": 0.7949686889503482,
    "128": 1.967843668438718
  },
  "train_ms_per_step": 82.53301396325696,
  "final_loss": 0.01062669571256265,
  "train_seconds": 222.1640269579948
}
